2026-01-28T16:16:54: 
2026-01-28T16:16:54: > my-v0-project@0.1.0 start /var/www/pratica
2026-01-28T16:16:54: > next start
2026-01-28T16:16:54: 
2026-01-28T16:16:54:    ▲ Next.js 16.0.10
2026-01-28T16:16:54:    - Local:         http://localhost:3000
2026-01-28T16:16:54:    - Network:       http://185.182.184.122:3000
2026-01-28T16:16:54: 
2026-01-28T16:16:54:  ✓ Starting...
2026-01-28T16:16:54:  ✓ Ready in 391ms
2026-01-28T16:16:55: [dotenv@17.2.3] injecting env (0) from .env.local -- tip: 🔄 add secrets lifecycle management: https://dotenvx.com/ops
2026-01-28T16:16:55: [dotenv@17.2.3] injecting env (0) from .env.local -- tip: 🗂️ backup and recover secrets: https://dotenvx.com/ops
2026-01-28T16:25:24: 
2026-01-28T16:25:24: > my-v0-project@0.1.0 start /var/www/pratica
2026-01-28T16:25:24: > next start
2026-01-28T16:25:24: 
2026-01-28T16:25:25:    ▲ Next.js 16.0.10
2026-01-28T16:25:25:    - Local:         http://localhost:3000
2026-01-28T16:25:25:    - Network:       http://185.182.184.122:3000
2026-01-28T16:25:25: 
2026-01-28T16:25:25:  ✓ Starting...
2026-01-28T16:25:25:  ✓ Ready in 591ms
2026-01-28T16:25:26: [dotenv@17.2.3] injecting env (0) from .env.local -- tip: ⚙️  override existing env vars with { override: true }
2026-01-28T16:25:26: [dotenv@17.2.3] injecting env (0) from .env.local -- tip: 🔐 prevent building .env in docker: https://dotenvx.com/prebuild
2026-01-28T16:25:46: [CVCRM] Fetching https://pratica.cvcrm.com.br/api/v1/cadastros/empreendimentos with email  and token MISSING
2026-01-28T16:25:46: [CVCRM] Fetching https://pratica.cvcrm.com.br/api/v1/cadastros/corretores with email  and token MISSING
2026-01-28T16:38:01: 
2026-01-28T16:38:01: > my-v0-project@0.1.0 start /var/www/pratica
2026-01-28T16:38:01: > next start
2026-01-28T16:38:01: 
2026-01-28T16:38:02:    ▲ Next.js 16.0.10
2026-01-28T16:38:02:    - Local:         http://localhost:3000
2026-01-28T16:38:02:    - Network:       http://185.182.184.122:3000
2026-01-28T16:38:02: 
2026-01-28T16:38:02:  ✓ Starting...
2026-01-28T16:38:02:  ✓ Ready in 412ms
2026-01-28T16:38:02: [dotenv@17.2.3] injecting env (0) from .env.local -- tip: 🛠️  run anywhere with `dotenvx run -- yourcommand`
2026-01-28T16:38:02: [dotenv@17.2.3] injecting env (0) from .env.local -- tip: 🔑 add access controls to secrets: https://dotenvx.com/ops
2026-01-28T16:47:40:  ELIFECYCLE  Command failed.
2026-01-28T16:47:41: 
2026-01-28T16:47:41: > my-v0-project@0.1.0 start /var/www/pratica
2026-01-28T16:47:41: > next start
2026-01-28T16:47:41: 
2026-01-28T16:47:41:    ▲ Next.js 16.0.10
2026-01-28T16:47:41:    - Local:         http://localhost:3000
2026-01-28T16:47:41:    - Network:       http://185.182.184.122:3000
2026-01-28T16:47:41: 
2026-01-28T16:47:41:  ✓ Starting...
2026-01-28T16:47:41:  ✓ Ready in 355ms
2026-01-28T16:47:42: [dotenv@17.2.3] injecting env (0) from .env.local -- tip: 🔄 add secrets lifecycle management: https://dotenvx.com/ops
2026-01-28T16:47:42: [dotenv@17.2.3] injecting env (0) from .env.local -- tip: 📡 add observability to secrets: https://dotenvx.com/ops
2026-01-28T16:47:46: [CVCRM] Fetching https://pratica.cvcrm.com.br/api/v1/cadastros/empreendimentos with email  and token MISSING
2026-01-28T16:47:46: [CVCRM] Fetching https://pratica.cvcrm.com.br/api/v1/cadastros/corretores with email  and token MISSING
2026-01-28T16:50:43:  ELIFECYCLE  Command failed.
2026-01-28T16:50:44: 
2026-01-28T16:50:44: > my-v0-project@0.1.0 start /var/www/pratica
2026-01-28T16:50:44: > next start
2026-01-28T16:50:44: 
2026-01-28T16:50:44:    ▲ Next.js 16.0.10
2026-01-28T16:50:44:    - Local:         http://localhost:3000
2026-01-28T16:50:44:    - Network:       http://185.182.184.122:3000
2026-01-28T16:50:44: 
2026-01-28T16:50:44:  ✓ Starting...
2026-01-28T16:50:44:  ✓ Ready in 350ms
2026-01-28T16:50:45: [dotenv@17.2.3] injecting env (0) from .env.local -- tip: ⚙️  enable debug logging with { debug: true }
2026-01-28T16:50:45: [dotenv@17.2.3] injecting env (0) from .env.local -- tip: 🛠️  run anywhere with `dotenvx run -- yourcommand`
2026-01-28T16:53:08:  ELIFECYCLE  Command failed.
2026-01-28T16:53:09: 
2026-01-28T16:53:09: > my-v0-project@0.1.0 start /var/www/pratica
2026-01-28T16:53:09: > next start
2026-01-28T16:53:09: 
2026-01-28T16:53:09:    ▲ Next.js 16.0.10
2026-01-28T16:53:09:    - Local:         http://localhost:3000
2026-01-28T16:53:09:    - Network:       http://185.182.184.122:3000
2026-01-28T16:53:09: 
2026-01-28T16:53:09:  ✓ Starting...
2026-01-28T16:53:09:  ✓ Ready in 375ms
2026-01-28T16:53:10: [dotenv@17.2.3] injecting env (0) from .env.local -- tip: ⚙️  write to custom object with { processEnv: myObject }
2026-01-28T16:53:10: [dotenv@17.2.3] injecting env (0) from .env.local -- tip: 🔐 prevent committing .env to code: https://dotenvx.com/precommit
2026-01-28T16:56:10:  ELIFECYCLE  Command failed.
2026-01-28T16:56:10: 
2026-01-28T16:56:10: > my-v0-project@0.1.0 start /var/www/pratica
2026-01-28T16:56:10: > next start
2026-01-28T16:56:10: 
2026-01-28T16:56:11:    ▲ Next.js 16.0.10
2026-01-28T16:56:11:    - Local:         http://localhost:3000
2026-01-28T16:56:11:    - Network:       http://185.182.184.122:3000
2026-01-28T16:56:11: 
2026-01-28T16:56:11:  ✓ Starting...
2026-01-28T16:56:11:  ✓ Ready in 341ms
2026-01-28T16:56:11: [dotenv@17.2.3] injecting env (0) from .env.local -- tip: ⚙️  enable debug logging with { debug: true }
2026-01-28T16:56:11: [dotenv@17.2.3] injecting env (0) from .env.local -- tip: ⚙️  suppress all logs with { quiet: true }
2026-01-28T16:59:25:  ELIFECYCLE  Command failed.
2026-01-28T16:59:26: 
2026-01-28T16:59:26: > my-v0-project@0.1.0 start /var/www/pratica
2026-01-28T16:59:26: > next start
2026-01-28T16:59:26: 
2026-01-28T16:59:26:    ▲ Next.js 16.0.10
2026-01-28T16:59:26:    - Local:         http://localhost:3000
2026-01-28T16:59:26:    - Network:       http://185.182.184.122:3000
2026-01-28T16:59:26: 
2026-01-28T16:59:26:  ✓ Starting...
2026-01-28T16:59:26:  ✓ Ready in 442ms
2026-01-28T16:59:27: [dotenv@17.2.3] injecting env (0) from .env.local -- tip: ⚙️  specify custom .env file path with { path: '/custom/path/.env' }
2026-01-28T16:59:27: [dotenv@17.2.3] injecting env (0) from .env.local -- tip: 📡 add observability to secrets: https://dotenvx.com/ops
2026-01-28T17:16:07:  ELIFECYCLE  Command failed.
2026-01-28T17:16:08: 
2026-01-28T17:16:08: > my-v0-project@0.1.0 start /var/www/pratica
2026-01-28T17:16:08: > next start
2026-01-28T17:16:08: 
2026-01-28T17:16:08:    ▲ Next.js 16.0.10
2026-01-28T17:16:08:    - Local:         http://localhost:3000
2026-01-28T17:16:08:    - Network:       http://185.182.184.122:3000
2026-01-28T17:16:08: 
2026-01-28T17:16:08:  ✓ Starting...
2026-01-28T17:16:09:  ✓ Ready in 362ms
2026-01-28T17:16:09: [dotenv@17.2.3] injecting env (0) from .env.local -- tip: 👥 sync secrets across teammates & machines: https://dotenvx.com/ops
2026-01-28T17:16:09: [dotenv@17.2.3] injecting env (0) from .env.local -- tip: ⚙️  override existing env vars with { override: true }
2026-01-28T17:17:58: [CVCRM] Fetching https://pratica.cvcrm.com.br/api/v1/cadastros/empreendimentos with email  and token MISSING
2026-01-28T17:17:58: [CVCRM] Fetching https://pratica.cvcrm.com.br/api/v1/cadastros/corretores with email  and token MISSING
2026-01-28T17:23:15: [CVCRM] Fetching https://pratica.cvcrm.com.br/api/v1/cadastros/empreendimentos with email  and token MISSING
2026-01-28T17:23:15: [CVCRM] Fetching https://pratica.cvcrm.com.br/api/v1/cadastros/corretores with email  and token MISSING
2026-01-28T17:23:16: [CVCRM] Fetching https://pratica.cvcrm.com.br/api/v1/cadastros/empreendimentos with email  and token MISSING
2026-01-28T17:23:16: [CVCRM] Fetching https://pratica.cvcrm.com.br/api/v1/cadastros/corretores with email  and token MISSING
2026-01-28T17:23:17: [CVCRM] Fetching https://pratica.cvcrm.com.br/api/v1/cadastros/empreendimentos with email  and token MISSING
2026-01-28T17:23:18: [CVCRM] Fetching https://pratica.cvcrm.com.br/api/v1/cadastros/corretores with email  and token MISSING
2026-01-28T17:41:06: [CVCRM] Fetching https://pratica.cvcrm.com.br/api/v1/cadastros/empreendimentos with email  and token MISSING
2026-01-28T17:41:07: [CVCRM] Fetching https://pratica.cvcrm.com.br/api/v1/cadastros/corretores with email  and token MISSING
2026-01-28T19:24:04: [CVCRM] Fetching https://pratica.cvcrm.com.br/api/v1/cadastros/empreendimentos with email  and token MISSING
2026-01-28T19:24:04: [CVCRM] Fetching https://pratica.cvcrm.com.br/api/v1/cadastros/corretores with email  and token MISSING
2026-01-28T19:28:44:  ELIFECYCLE  Command failed.
2026-01-28T19:28:45: 
2026-01-28T19:28:45: > my-v0-project@0.1.0 start /var/www/pratica
2026-01-28T19:28:45: > next start
2026-01-28T19:28:45: 
2026-01-28T19:28:45:    ▲ Next.js 16.0.10
2026-01-28T19:28:45:    - Local:         http://localhost:3000
2026-01-28T19:28:45:    - Network:       http://185.182.184.122:3000
2026-01-28T19:28:45: 
2026-01-28T19:28:45:  ✓ Starting...
2026-01-28T19:28:46:  ✓ Ready in 606ms
2026-01-28T19:28:46: [dotenv@17.2.3] injecting env (0) from .env.local -- tip: 🔄 add secrets lifecycle management: https://dotenvx.com/ops
2026-01-28T19:28:46: [dotenv@17.2.3] injecting env (0) from .env.local -- tip: 👥 sync secrets across teammates & machines: https://dotenvx.com/ops
2026-01-28T19:28:56:  ELIFECYCLE  Command failed.
2026-01-28T19:28:57: 
2026-01-28T19:28:57: > my-v0-project@0.1.0 start /var/www/pratica
2026-01-28T19:28:57: > next start
2026-01-28T19:28:57: 
2026-01-28T19:28:57:    ▲ Next.js 16.0.10
2026-01-28T19:28:57:    - Local:         http://localhost:3000
2026-01-28T19:28:57:    - Network:       http://185.182.184.122:3000
2026-01-28T19:28:57: 
2026-01-28T19:28:57:  ✓ Starting...
2026-01-28T19:28:57:  ✓ Ready in 345ms
2026-01-28T19:28:57: [dotenv@17.2.3] injecting env (0) from .env.local -- tip: 🔐 encrypt with Dotenvx: https://dotenvx.com
2026-01-28T19:28:57: [dotenv@17.2.3] injecting env (0) from .env.local -- tip: 🔑 add access controls to secrets: https://dotenvx.com/ops
2026-01-28T19:30:58:  ELIFECYCLE  Command failed.
2026-01-28T19:30:59: 
2026-01-28T19:30:59: > my-v0-project@0.1.0 start /var/www/pratica
2026-01-28T19:30:59: > next start
2026-01-28T19:30:59: 
2026-01-28T19:30:59:    ▲ Next.js 16.0.10
2026-01-28T19:30:59:    - Local:         http://localhost:3000
2026-01-28T19:30:59:    - Network:       http://185.182.184.122:3000
2026-01-28T19:30:59: 
2026-01-28T19:30:59:  ✓ Starting...
2026-01-28T19:30:59:  ✓ Ready in 339ms
2026-01-28T19:31:00: [dotenv@17.2.3] injecting env (0) from .env.local -- tip: ⚙️  write to custom object with { processEnv: myObject }
2026-01-28T19:31:00: [dotenv@17.2.3] injecting env (0) from .env.local -- tip: ⚙️  write to custom object with { processEnv: myObject }
2026-01-28T19:31:14: [CVCRM] Fetching https://pratica.cvcrm.com.br/api/v1/cadastros/empreendimentos with email orcioli@pratica-inc.com.br and token [REDACTED]
2026-01-28T19:31:15: [CVCRM] Fetching https://pratica.cvcrm.com.br/api/v1/cadastros/corretores with email orcioli@pratica-inc.com.br and token [REDACTED]
2026-01-28T19:33:47: [CVCRM] Fetching https://pratica.cvcrm.com.br/api/v1/cadastros/empreendimentos with email orcioli@pratica-inc.com.br and token [REDACTED]
2026-01-28T19:33:48: [CVCRM] Fetching https://pratica.cvcrm.com.br/api/v1/cadastros/corretores with email orcioli@pratica-inc.com.br and token [REDACTED]
2026-01-28T19:37:20:  ELIFECYCLE  Command failed.
2026-01-28T19:37:21: 
2026-01-28T19:37:21: > my-v0-project@0.1.0 start /var/www/pratica
2026-01-28T19:37:21: > next start
2026-01-28T19:37:21: 
2026-01-28T19:37:21:    ▲ Next.js 16.0.10
2026-01-28T19:37:21:    - Local:         http://localhost:3000
2026-01-28T19:37:21:    - Network:       http://185.182.184.122:3000
2026-01-28T19:37:21: 
2026-01-28T19:37:21:  ✓ Starting...
2026-01-28T19:37:22:  ✓ Ready in 401ms
2026-01-28T19:37:22: [dotenv@17.2.3] injecting env (0) from .env.local -- tip: 🔐 encrypt with Dotenvx: https://dotenvx.com
2026-01-28T19:37:22: [dotenv@17.2.3] injecting env (0) from .env.local -- tip: 🔄 add secrets lifecycle management: https://dotenvx.com/ops
2026-01-28T19:37:55:  ELIFECYCLE  Command failed.
